{"timestamp": "2026-08-24T12:56:18Z", "row_index": 4, "raw_data": "{'observation_date': '2026-08-02', 'region': 'GLOBAL', 'holdings_tonnes': '3102.10'}", "reason": "Duplicate date: 2026-08-02", "action": "SKIPPED"}
{"timestamp": "2026-08-24T12:56:18Z", "row_index": 5, "raw_data": "{'observation_date': '2026-08-03', 'region': 'GLOBAL', 'holdings_tonnes': '-500.00'}", "reason": "Negative value: -500.0", "action": "REJECTED"}
{"timestamp": "2026-08-24T12:56:18Z", "row_index": 6, "raw_data": "{'observation_date': '2026-08-04', 'region': 'GLOBAL', 'holdings_tonnes': 'invalid'}", "reason": "Non-numeric value: invalid", "action": "REJECTED"}
{"timestamp": "2026-08-24T12:56:18Z", "row_index": 8, "raw_data": "{'observation_date': 'INVALID-DATE', 'region': 'GLOBAL', 'holdings_tonnes': '3100.0'}", "reason": "Invalid date: INVALID-DATE", "action": "REJECTED"}
{"timestamp": "2026-08-24T12:56:29Z", "row_index": 4, "raw_data": "{'observation_date': '2026-08-02', 'region': 'GLOBAL', 'holdings_tonnes': '3102.10'}", "reason": "Duplicate date: 2026-08-02", "action": "SKIPPED"}
{"timestamp": "2026-08-24T12:56:29Z", "row_index": 5, "raw_data": "{'observation_date': '2026-08-03', 'region': 'GLOBAL', 'holdings_tonnes': '-500.00'}", "reason": "Negative value: -500.0", "action": "REJECTED"}
{"timestamp": "2026-08-24T12:56:29Z", "row_index": 6, "raw_data": "{'observation_date': '2026-08-04', 'region': 'GLOBAL', 'holdings_tonnes': 'invalid'}", "reason": "Non-numeric value: invalid", "action": "REJECTED"}
{"timestamp": "2026-08-24T12:56:29Z", "row_index": 8, "raw_data": "{'observation_date': 'INVALID-DATE', 'region': 'GLOBAL', 'holdings_tonnes': '3100.0'}", "reason": "Invalid date: INVALID-DATE", "action": "REJECTED"}
{"timestamp": "2026-08-24T12:57:54Z", "row_index": 4, "raw_data": "{'observation_date': '2026-08-02', 'region': 'GLOBAL', 'holdings_tonnes': '3102.10'}", "reason": "Duplicate date: 2026-08-02", "action": "SKIPPED"}
{"timestamp": "2026-08-24T12:57:54Z", "row_index": 5, "raw_data": "{'observation_date': '2026-08-03', 'region': 'GLOBAL', 'holdings_tonnes': '-500.00'}", "reason": "Negative value: -500.0", "action": "REJECTED"}
{"timestamp": "2026-08-24T12:57:54Z", "row_index": 6, "raw_data": "{'observation_date': '2026-08-04', 'region': 'GLOBAL', 'holdings_tonnes': 'invalid'}", "reason": "Non-numeric value: invalid", "action": "REJECTED"}
{"timestamp": "2026-08-24T12:57:54Z", "row_index": 8, "raw_data": "{'observation_date': 'INVALID-DATE', 'region': 'GLOBAL', 'holdings_tonnes': '3100.0'}", "reason": "Invalid date: INVALID-DATE", "action": "REJECTED"}
{"timestamp": "2026-08-24T12:58:37Z", "row_index": 4, "raw_data": "{'observation_date': '2026-08-02', 'region': 'GLOBAL', 'holdings_tonnes': '3102.10'}", "reason": "Duplicate date: 2026-08-02", "action": "SKIPPED"}
{"timestamp": "2026-08-24T12:58:37Z", "row_index": 5, "raw_data": "{'observation_date': '2026-08-03', 'region': 'GLOBAL', 'holdings_tonnes': '-500.00'}", "reason": "Negative value: -500.0", "action": "REJECTED"}
{"timestamp": "2026-08-24T12:58:37Z", "row_index": 6, "raw_data": "{'observation_date': '2026-08-04', 'region': 'GLOBAL', 'holdings_tonnes': 'invalid'}", "reason": "Non-numeric value: invalid", "action": "REJECTED"}
{"timestamp": "2026-08-24T12:58:37Z", "row_index": 8, "raw_data": "{'observation_date': 'INVALID-DATE', 'region': 'GLOBAL', 'holdings_tonnes': '3100.0'}", "reason": "Invalid date: INVALID-DATE", "action": "REJECTED"}
{"timestamp": "2026-08-24T12:59:41Z", "row_index": 4, "raw_data": "{'observation_date': '2026-08-02', 'region': 'GLOBAL', 'holdings_tonnes': '3102.10'}", "reason": "Duplicate date: 2026-08-02", "action": "SKIPPED"}
{"timestamp": "2026-08-24T12:59:41Z", "row_index": 5, "raw_data": "{'observation_date': '2026-08-03', 'region': 'GLOBAL', 'holdings_tonnes': '-500.00'}", "reason": "Negative value: -500.0", "action": "REJECTED"}
{"timestamp": "2026-08-24T12:59:41Z", "row_index": 6, "raw_data": "{'observation_date': '2026-08-04', 'region': 'GLOBAL', 'holdings_tonnes': 'invalid'}", "reason": "Non-numeric value: invalid", "action": "REJECTED"}
{"timestamp": "2026-08-24T12:59:41Z", "row_index": 8, "raw_data": "{'observation_date': 'INVALID-DATE', 'region': 'GLOBAL', 'holdings_tonnes': '3100.0'}", "reason": "Invalid date: INVALID-DATE", "action": "REJECTED"}
{"timestamp": "2026-08-24T13:01:09Z", "row_index": 4, "raw_data": "{'observation_date': '2026-08-02', 'region': 'GLOBAL', 'holdings_tonnes': '3102.10'}", "reason": "Duplicate date: 2026-08-02", "action": "SKIPPED"}
{"timestamp": "2026-08-24T13:01:09Z", "row_index": 5, "raw_data": "{'observation_date': '2026-08-03', 'region': 'GLOBAL', 'holdings_tonnes': '-500.00'}", "reason": "Negative value: -500.0", "action": "REJECTED"}
{"timestamp": "2026-08-24T13:01:09Z", "row_index": 6, "raw_data": "{'observation_date': '2026-08-04', 'region': 'GLOBAL', 'holdings_tonnes': 'invalid'}", "reason": "Non-numeric value: invalid", "action": "REJECTED"}
{"timestamp": "2026-08-24T13:01:09Z", "row_index": 8, "raw_data": "{'observation_date': 'INVALID-DATE', 'region': 'GLOBAL', 'holdings_tonnes': '3100.0'}", "reason": "Invalid date: INVALID-DATE", "action": "REJECTED"}
{"timestamp": "2026-08-24T13:02:36Z", "row_index": 4, "raw_data": "{'observation_date': '2026-08-02', 'region': 'GLOBAL', 'holdings_tonnes': '3102.10'}", "reason": "Duplicate date: 2026-08-02", "action": "SKIPPED"}
{"timestamp": "2026-08-24T13:02:36Z", "row_index": 5, "raw_data": "{'observation_date': '2026-08-03', 'region': 'GLOBAL', 'holdings_tonnes': '-500.00'}", "reason": "Negative value: -500.0", "action": "REJECTED"}
{"timestamp": "2026-08-24T13:02:36Z", "row_index": 6, "raw_data": "{'observation_date': '2026-08-04', 'region': 'GLOBAL', 'holdings_tonnes': 'invalid'}", "reason": "Non-numeric value: invalid", "action": "REJECTED"}
{"timestamp": "2026-08-24T13:02:36Z", "row_index": 8, "raw_data": "{'observation_date': 'INVALID-DATE', 'region': 'GLOBAL', 'holdings_tonnes': '3100.0'}", "reason": "Invalid date: INVALID-DATE", "action": "REJECTED"}
{"timestamp": "2026-08-24T13:03:28Z", "row_index": 4, "raw_data": "{'observation_date': '2026-08-02', 'region': 'GLOBAL', 'holdings_tonnes': '3102.10'}", "reason": "Duplicate date: 2026-08-02", "action": "SKIPPED"}
{"timestamp": "2026-08-24T13:03:28Z", "row_index": 5, "raw_data": "{'observation_date': '2026-08-03', 'region': 'GLOBAL', 'holdings_tonnes': '-500.00'}", "reason": "Negative value: -500.0", "action": "REJECTED"}
{"timestamp": "2026-08-24T13:03:28Z", "row_index": 6, "raw_data": "{'observation_date': '2026-08-04', 'region': 'GLOBAL', 'holdings_tonnes': 'invalid'}", "reason": "Non-numeric value: invalid", "action": "REJECTED"}
{"timestamp": "2026-08-24T13:03:28Z", "row_index": 8, "raw_data": "{'observation_date': 'INVALID-DATE', 'region': 'GLOBAL', 'holdings_tonnes': '3100.0'}", "reason": "Invalid date: INVALID-DATE", "action": "REJECTED"}
{"timestamp": "2026-08-24T13:04:12Z", "row_index": 4, "raw_data": "{'observation_date': '2026-08-02', 'region': 'GLOBAL', 'holdings_tonnes': '3102.10'}", "reason": "Duplicate date: 2026-08-02", "action": "SKIPPED"}
{"timestamp": "2026-08-24T13:04:12Z", "row_index": 5, "raw_data": "{'observation_date': '2026-08-03', 'region': 'GLOBAL', 'holdings_tonnes': '-500.00'}", "reason": "Negative value: -500.0", "action": "REJECTED"}
{"timestamp": "2026-08-24T13:04:12Z", "row_index": 6, "raw_data": "{'observation_date': '2026-08-04', 'region': 'GLOBAL', 'holdings_tonnes': 'invalid'}", "reason": "Non-numeric value: invalid", "action": "REJECTED"}
{"timestamp": "2026-08-24T13:04:12Z", "row_index": 8, "raw_data": "{'observation_date': 'INVALID-DATE', 'region': 'GLOBAL', 'holdings_tonnes': '3100.0'}", "reason": "Invalid date: INVALID-DATE", "action": "REJECTED"}
{"timestamp": "2026-08-24T13:05:46Z", "row_index": 4, "raw_data": "{'observation_date': '2026-08-02', 'region': 'GLOBAL', 'holdings_tonnes': '3102.10'}", "reason": "Duplicate date: 2026-08-02", "action": "SKIPPED"}
{"timestamp": "2026-08-24T13:05:46Z", "row_index": 5, "raw_data": "{'observation_date': '2026-08-03', 'region': 'GLOBAL', 'holdings_tonnes': '-500.00'}", "reason": "Negative value: -500.0", "action": "REJECTED"}
{"timestamp": "2026-08-24T13:05:46Z", "row_index": 6, "raw_data": "{'observation_date': '2026-08-04', 'region': 'GLOBAL', 'holdings_tonnes': 'invalid'}", "reason": "Non-numeric value: invalid", "action": "REJECTED"}
{"timestamp": "2026-08-24T13:05:46Z", "row_index": 8, "raw_data": "{'observation_date': 'INVALID-DATE', 'region': 'GLOBAL', 'holdings_tonnes': '3100.0'}", "reason": "Invalid date: INVALID-DATE", "action": "REJECTED"}
{"timestamp": "2026-08-24T13:05:59Z", "row_index": 4, "raw_data": "{'observation_date': '2026-08-02', 'region': 'GLOBAL', 'holdings_tonnes': '3102.10'}", "reason": "Duplicate date: 2026-08-02", "action": "SKIPPED"}
{"timestamp": "2026-08-24T13:05:59Z", "row_index": 5, "raw_data": "{'observation_date': '2026-08-03', 'region': 'GLOBAL', 'holdings_tonnes': '-500.00'}", "reason": "Negative value: -500.0", "action": "REJECTED"}
{"timestamp": "2026-08-24T13:05:59Z", "row_index": 6, "raw_data": "{'observation_date': '2026-08-04', 'region': 'GLOBAL', 'holdings_tonnes': 'invalid'}", "reason": "Non-numeric value: invalid", "action": "REJECTED"}
{"timestamp": "2026-08-24T13:05:59Z", "row_index": 8, "raw_data": "{'observation_date': 'INVALID-DATE', 'region': 'GLOBAL', 'holdings_tonnes': '3100.0'}", "reason": "Invalid date: INVALID-DATE", "action": "REJECTED"}
{"timestamp": "2026-08-24T13:07:22Z", "row_index": 4, "raw_data": "{'observation_date': '2026-08-02', 'region': 'GLOBAL', 'holdings_tonnes': '3102.10'}", "reason": "Duplicate date: 2026-08-02", "action": "SKIPPED"}
{"timestamp": "2026-08-24T13:07:22Z", "row_index": 5, "raw_data": "{'observation_date': '2026-08-03', 'region': 'GLOBAL', 'holdings_tonnes': '-500.00'}", "reason": "Negative value: -500.0", "action": "REJECTED"}
{"timestamp": "2026-08-24T13:07:22Z", "row_index": 6, "raw_data": "{'observation_date': '2026-08-04', 'region': 'GLOBAL', 'holdings_tonnes': 'invalid'}", "reason": "Non-numeric value: invalid", "action": "REJECTED"}
{"timestamp": "2026-08-24T13:07:22Z", "row_index": 8, "raw_data": "{'observation_date': 'INVALID-DATE', 'region': 'GLOBAL', 'holdings_tonnes': '3100.0'}", "reason": "Invalid date: INVALID-DATE", "action": "REJECTED"}
{"timestamp": "2026-08-24T13:08:03Z", "row_index": 4, "raw_data": "{'observation_date': '2026-08-02', 'region': 'GLOBAL', 'holdings_tonnes': '3102.10'}", "reason": "Duplicate date: 2026-08-02", "action": "SKIPPED"}
{"timestamp": "2026-08-24T13:08:03Z", "row_index": 5, "raw_data": "{'observation_date': '2026-08-03', 'region': 'GLOBAL', 'holdings_tonnes': '-500.00'}", "reason": "Negative value: -500.0", "action": "REJECTED"}
{"timestamp": "2026-08-24T13:08:03Z", "row_index": 6, "raw_data": "{'observation_date': '2026-08-04', 'region': 'GLOBAL', 'holdings_tonnes': 'invalid'}", "reason": "Non-numeric value: invalid", "action": "REJECTED"}
{"timestamp": "2026-08-24T13:08:03Z", "row_index": 8, "raw_data": "{'observation_date': 'INVALID-DATE', 'region': 'GLOBAL', 'holdings_tonnes': '3100.0'}", "reason": "Invalid date: INVALID-DATE", "action": "REJECTED"}
{"timestamp": "2026-08-24T13:08:51Z", "row_index": 4, "raw_data": "{'observation_date': '2026-08-02', 'region': 'GLOBAL', 'holdings_tonnes': '3102.10'}", "reason": "Duplicate date: 2026-08-02", "action": "SKIPPED"}
{"timestamp": "2026-08-24T13:08:52Z", "row_index": 5, "raw_data": "{'observation_date': '2026-08-03', 'region': 'GLOBAL', 'holdings_tonnes': '-500.00'}", "reason": "Negative value: -500.0", "action": "REJECTED"}
{"timestamp": "2026-08-24T13:08:52Z", "row_index": 6, "raw_data": "{'observation_date': '2026-08-04', 'region': 'GLOBAL', 'holdings_tonnes': 'invalid'}", "reason": "Non-numeric value: invalid", "action": "REJECTED"}
{"timestamp": "2026-08-24T13:08:52Z", "row_index": 8, "raw_data": "{'observation_date': 'INVALID-DATE', 'region': 'GLOBAL', 'holdings_tonnes': '3100.0'}", "reason": "Invalid date: INVALID-DATE", "action": "REJECTED"}
{"timestamp": "2026-08-24T13:10:12Z", "row_index": 4, "raw_data": "{'observation_date': '2026-08-02', 'region': 'GLOBAL', 'holdings_tonnes': '3102.10'}", "reason": "Duplicate date: 2026-08-02", "action": "SKIPPED"}
{"timestamp": "2026-08-24T13:10:12Z", "row_index": 5, "raw_data": "{'observation_date': '2026-08-03', 'region': 'GLOBAL', 'holdings_tonnes': '-500.00'}", "reason": "Negative value: -500.0", "action": "REJECTED"}
{"timestamp": "2026-08-24T13:10:12Z", "row_index": 6, "raw_data": "{'observation_date': '2026-08-04', 'region': 'GLOBAL', 'holdings_tonnes': 'invalid'}", "reason": "Non-numeric value: invalid", "action": "REJECTED"}
{"timestamp": "2026-08-24T13:10:12Z", "row_index": 8, "raw_data": "{'observation_date': 'INVALID-DATE', 'region': 'GLOBAL', 'holdings_tonnes': '3100.0'}", "reason": "Invalid date: INVALID-DATE", "action": "REJECTED"}
{"timestamp": "2026-08-24T13:11:35Z", "row_index": 4, "raw_data": "{'observation_date': '2026-08-02', 'region': 'GLOBAL', 'holdings_tonnes': '3102.10'}", "reason": "Duplicate date: 2026-08-02", "action": "SKIPPED"}
{"timestamp": "2026-08-24T13:11:35Z", "row_index": 5, "raw_data": "{'observation_date': '2026-08-03', 'region': 'GLOBAL', 'holdings_tonnes': '-500.00'}", "reason": "Negative value: -500.0", "action": "REJECTED"}
{"timestamp": "2026-08-24T13:11:35Z", "row_index": 6, "raw_data": "{'observation_date': '2026-08-04', 'region': 'GLOBAL', 'holdings_tonnes': 'invalid'}", "reason": "Non-numeric value: invalid", "action": "REJECTED"}
{"timestamp": "2026-08-24T13:11:35Z", "row_index": 8, "raw_data": "{'observation_date': 'INVALID-DATE', 'region': 'GLOBAL', 'holdings_tonnes': '3100.0'}", "reason": "Invalid date: INVALID-DATE", "action": "REJECTED"}
{"timestamp": "2026-08-24T13:12:59Z", "row_index": 4, "raw_data": "{'observation_date': '2026-08-02', 'region': 'GLOBAL', 'holdings_tonnes': '3102.10'}", "reason": "Duplicate date: 2026-08-02", "action": "SKIPPED"}
{"timestamp": "2026-08-24T13:12:59Z", "row_index": 5, "raw_data": "{'observation_date': '2026-08-03', 'region': 'GLOBAL', 'holdings_tonnes': '-500.00'}", "reason": "Negative value: -500.0", "action": "REJECTED"}
{"timestamp": "2026-08-24T13:12:59Z", "row_index": 6, "raw_data": "{'observation_date': '2026-08-04', 'region': 'GLOBAL', 'holdings_tonnes': 'invalid'}", "reason": "Non-numeric value: invalid", "action": "REJECTED"}
{"timestamp": "2026-08-24T13:12:59Z", "row_index": 8, "raw_data": "{'observation_date': 'INVALID-DATE', 'region': 'GLOBAL', 'holdings_tonnes': '3100.0'}", "reason": "Invalid date: INVALID-DATE", "action": "REJECTED"}
{"timestamp": "2026-08-24T13:14:23Z", "row_index": 4, "raw_data": "{'observation_date': '2026-08-02', 'region': 'GLOBAL', 'holdings_tonnes': '3102.10'}", "reason": "Duplicate date: 2026-08-02", "action": "SKIPPED"}
{"timestamp": "2026-08-24T13:14:23Z", "row_index": 5, "raw_data": "{'observation_date': '2026-08-03', 'region': 'GLOBAL', 'holdings_tonnes': '-500.00'}", "reason": "Negative value: -500.0", "action": "REJECTED"}
{"timestamp": "2026-08-24T13:14:23Z", "row_index": 6, "raw_data": "{'observation_date': '2026-08-04', 'region': 'GLOBAL', 'holdings_tonnes': 'invalid'}", "reason": "Non-numeric value: invalid", "action": "REJECTED"}
{"timestamp": "2026-08-24T13:14:23Z", "row_index": 8, "raw_data": "{'observation_date': 'INVALID-DATE', 'region': 'GLOBAL', 'holdings_tonnes': '3100.0'}", "reason": "Invalid date: INVALID-DATE", "action": "REJECTED"}
{"timestamp": "2026-08-24T13:15:43Z", "row_index": 4, "raw_data": "{'observation_date': '2026-08-02', 'region': 'GLOBAL', 'holdings_tonnes': '3102.10'}", "reason": "Duplicate date: 2026-08-02", "action": "SKIPPED"}
{"timestamp": "2026-08-24T13:15:43Z", "row_index": 5, "raw_data": "{'observation_date': '2026-08-03', 'region': 'GLOBAL', 'holdings_tonnes': '-500.00'}", "reason": "Negative value: -500.0", "action": "REJECTED"}
{"timestamp": "2026-08-24T13:15:43Z", "row_index": 6, "raw_data": "{'observation_date': '2026-08-04', 'region': 'GLOBAL', 'holdings_tonnes': 'invalid'}", "reason": "Non-numeric value: invalid", "action": "REJECTED"}
{"timestamp": "2026-08-24T13:15:43Z", "row_index": 8, "raw_data": "{'observation_date': 'INVALID-DATE', 'region': 'GLOBAL', 'holdings_tonnes': '3100.0'}", "reason": "Invalid date: INVALID-DATE", "action": "REJECTED"}
{"timestamp": "2026-08-24T13:17:09Z", "row_index": 4, "raw_data": "{'observation_date': '2026-08-02', 'region': 'GLOBAL', 'holdings_tonnes': '3102.10'}", "reason": "Duplicate date: 2026-08-02", "action": "SKIPPED"}
{"timestamp": "2026-08-24T13:17:09Z", "row_index": 5, "raw_data": "{'observation_date': '2026-08-03', 'region': 'GLOBAL', 'holdings_tonnes': '-500.00'}", "reason": "Negative value: -500.0", "action": "REJECTED"}
{"timestamp": "2026-08-24T13:17:09Z", "row_index": 6, "raw_data": "{'observation_date': '2026-08-04', 'region': 'GLOBAL', 'holdings_tonnes': 'invalid'}", "reason": "Non-numeric value: invalid", "action": "REJECTED"}
{"timestamp": "2026-08-24T13:17:09Z", "row_index": 8, "raw_data": "{'observation_date': 'INVALID-DATE', 'region': 'GLOBAL', 'holdings_tonnes': '3100.0'}", "reason": "Invalid date: INVALID-DATE", "action": "REJECTED"}
{"timestamp": "2026-08-24T13:18:30Z", "row_index": 4, "raw_data": "{'observation_date': '2026-08-02', 'region': 'GLOBAL', 'holdings_tonnes': '3102.10'}", "reason": "Duplicate date: 2026-08-02", "action": "SKIPPED"}
{"timestamp": "2026-08-24T13:18:30Z", "row_index": 5, "raw_data": "{'observation_date': '2026-08-03', 'region': 'GLOBAL', 'holdings_tonnes': '-500.00'}", "reason": "Negative value: -500.0", "action": "REJECTED"}
{"timestamp": "2026-08-24T13:18:30Z", "row_index": 6, "raw_data": "{'observation_date': '2026-08-04', 'region': 'GLOBAL', 'holdings_tonnes': 'invalid'}", "reason": "Non-numeric value: invalid", "action": "REJECTED"}
{"timestamp": "2026-08-24T13:18:30Z", "row_index": 8, "raw_data": "{'observation_date': 'INVALID-DATE', 'region': 'GLOBAL', 'holdings_tonnes': '3100.0'}", "reason": "Invalid date: INVALID-DATE", "action": "REJECTED"}
{"timestamp": "2026-08-24T13:19:49Z", "row_index": 4, "raw_data": "{'observation_date': '2026-08-02', 'region': 'GLOBAL', 'holdings_tonnes': '3102.10'}", "reason": "Duplicate date: 2026-08-02", "action": "SKIPPED"}
{"timestamp": "2026-08-24T13:19:49Z", "row_index": 5, "raw_data": "{'observation_date': '2026-08-03', 'region': 'GLOBAL', 'holdings_tonnes': '-500.00'}", "reason": "Negative value: -500.0", "action": "REJECTED"}
{"timestamp": "2026-08-24T13:19:49Z", "row_index": 6, "raw_data": "{'observation_date': '2026-08-04', 'region': 'GLOBAL', 'holdings_tonnes': 'invalid'}", "reason": "Non-numeric value: invalid", "action": "REJECTED"}
{"timestamp": "2026-08-24T13:19:49Z", "row_index": 8, "raw_data": "{'observation_date': 'INVALID-DATE', 'region': 'GLOBAL', 'holdings_tonnes': '3100.0'}", "reason": "Invalid date: INVALID-DATE", "action": "REJECTED"}
{"timestamp": "2026-08-24T13:21:09Z", "row_index": 4, "raw_data": "{'observation_date': '2026-08-02', 'region': 'GLOBAL', 'holdings_tonnes': '3102.10'}", "reason": "Duplicate date: 2026-08-02", "action": "SKIPPED"}
{"timestamp": "2026-08-24T13:21:09Z", "row_index": 5, "raw_data": "{'observation_date': '2026-08-03', 'region': 'GLOBAL', 'holdings_tonnes': '-500.00'}", "reason": "Negative value: -500.0", "action": "REJECTED"}
{"timestamp": "2026-08-24T13:21:09Z", "row_index": 6, "raw_data": "{'observation_date': '2026-08-04', 'region': 'GLOBAL', 'holdings_tonnes': 'invalid'}", "reason": "Non-numeric value: invalid", "action": "REJECTED"}
{"timestamp": "2026-08-24T13:21:09Z", "row_index": 8, "raw_data": "{'observation_date': 'INVALID-DATE', 'region': 'GLOBAL', 'holdings_tonnes': '3100.0'}", "reason": "Invalid date: INVALID-DATE", "action": "REJECTED"}
{"timestamp": "2026-08-24T13:22:33Z", "row_index": 4, "raw_data": "{'observation_date': '2026-08-02', 'region': 'GLOBAL', 'holdings_tonnes': '3102.10'}", "reason": "Duplicate date: 2026-08-02", "action": "SKIPPED"}
{"timestamp": "2026-08-24T13:22:33Z", "row_index": 5, "raw_data": "{'observation_date': '2026-08-03', 'region': 'GLOBAL', 'holdings_tonnes': '-500.00'}", "reason": "Negative value: -500.0", "action": "REJECTED"}
{"timestamp": "2026-08-24T13:22:33Z", "row_index": 6, "raw_data": "{'observation_date': '2026-08-04', 'region': 'GLOBAL', 'holdings_tonnes': 'invalid'}", "reason": "Non-numeric value: invalid", "action": "REJECTED"}
{"timestamp": "2026-08-24T13:22:33Z", "row_index": 8, "raw_data": "{'observation_date': 'INVALID-DATE', 'region': 'GLOBAL', 'holdings_tonnes': '3100.0'}", "reason": "Invalid date: INVALID-DATE", "action": "REJECTED"}
{"timestamp": "2026-08-24T13:23:52Z", "row_index": 4, "raw_data": "{'observation_date': '2026-08-02', 'region': 'GLOBAL', 'holdings_tonnes': '3102.10'}", "reason": "Duplicate date: 2026-08-02", "action": "SKIPPED"}
{"timestamp": "2026-08-24T13:23:52Z", "row_index": 5, "raw_data": "{'observation_date': '2026-08-03', 'region': 'GLOBAL', 'holdings_tonnes': '-500.00'}", "reason": "Negative value: -500.0", "action": "REJECTED"}
{"timestamp": "2026-08-24T13:23:52Z", "row_index": 6, "raw_data": "{'observation_date': '2026-08-04', 'region': 'GLOBAL', 'holdings_tonnes': 'invalid'}", "reason": "Non-numeric value: invalid", "action": "REJECTED"}
{"timestamp": "2026-08-24T13:23:52Z", "row_index": 8, "raw_data": "{'observation_date': 'INVALID-DATE', 'region': 'GLOBAL', 'holdings_tonnes': '3100.0'}", "reason": "Invalid date: INVALID-DATE", "action": "REJECTED"}
{"timestamp": "2026-08-24T13:25:11Z", "row_index": 4, "raw_data": "{'observation_date': '2026-08-02', 'region': 'GLOBAL', 'holdings_tonnes': '3102.10'}", "reason": "Duplicate date: 2026-08-02", "action": "SKIPPED"}
{"timestamp": "2026-08-24T13:25:11Z", "row_index": 5, "raw_data": "{'observation_date': '2026-08-03', 'region': 'GLOBAL', 'holdings_tonnes': '-500.00'}", "reason": "Negative value: -500.0", "action": "REJECTED"}
{"timestamp": "2026-08-24T13:25:11Z", "row_index": 6, "raw_data": "{'observation_date': '2026-08-04', 'region': 'GLOBAL', 'holdings_tonnes': 'invalid'}", "reason": "Non-numeric value: invalid", "action": "REJECTED"}
{"timestamp": "2026-08-24T13:25:11Z", "row_index": 8, "raw_data": "{'observation_date': 'INVALID-DATE', 'region': 'GLOBAL', 'holdings_tonnes': '3100.0'}", "reason": "Invalid date: INVALID-DATE", "action": "REJECTED"}
{"timestamp": "2026-08-24T13:31:36Z", "row_index": 4, "raw_data": "{'observation_date': '2026-08-02', 'region': 'GLOBAL', 'holdings_tonnes': '3102.10'}", "reason": "Duplicate date: 2026-08-02", "action": "SKIPPED"}
{"timestamp": "2026-08-24T13:31:36Z", "row_index": 5, "raw_data": "{'observation_date': '2026-08-03', 'region': 'GLOBAL', 'holdings_tonnes': '-500.00'}", "reason": "Negative value: -500.0", "action": "REJECTED"}
{"timestamp": "2026-08-24T13:31:36Z", "row_index": 6, "raw_data": "{'observation_date': '2026-08-04', 'region': 'GLOBAL', 'holdings_tonnes': 'invalid'}", "reason": "Non-numeric value: invalid", "action": "REJECTED"}
{"timestamp": "2026-08-24T13:31:36Z", "row_index": 8, "raw_data": "{'observation_date': 'INVALID-DATE', 'region': 'GLOBAL', 'holdings_tonnes': '3100.0'}", "reason": "Invalid date: INVALID-DATE", "action": "REJECTED"}
{"timestamp": "2026-08-24T16:22:08Z", "row_index": 4, "raw_data": "{'observation_date': '2026-08-02', 'region': 'GLOBAL', 'holdings_tonnes': '3102.10'}", "reason": "Duplicate date: 2026-08-02", "action": "SKIPPED"}
{"timestamp": "2026-08-24T16:22:08Z", "row_index": 5, "raw_data": "{'observation_date': '2026-08-03', 'region': 'GLOBAL', 'holdings_tonnes': '-500.00'}", "reason": "Negative value: -500.0", "action": "REJECTED"}
{"timestamp": "2026-08-24T16:22:08Z", "row_index": 6, "raw_data": "{'observation_date': '2026-08-04', 'region': 'GLOBAL', 'holdings_tonnes': 'invalid'}", "reason": "Non-numeric value: invalid", "action": "REJECTED"}
{"timestamp": "2026-08-24T16:22:08Z", "row_index": 8, "raw_data": "{'observation_date': 'INVALID-DATE', 'region': 'GLOBAL', 'holdings_tonnes': '3100.0'}", "reason": "Invalid date: INVALID-DATE", "action": "REJECTED"}
{"timestamp": "2026-08-24T16:24:58Z", "row_index": 4, "raw_data": "{'observation_date': '2026-08-02', 'region': 'GLOBAL', 'holdings_tonnes': '3102.10'}", "reason": "Duplicate date: 2026-08-02", "action": "SKIPPED"}
{"timestamp": "2026-08-24T16:24:58Z", "row_index": 5, "raw_data": "{'observation_date': '2026-08-03', 'region': 'GLOBAL', 'holdings_tonnes': '-500.00'}", "reason": "Negative value: -500.0", "action": "REJECTED"}
{"timestamp": "2026-08-24T16:24:58Z", "row_index": 6, "raw_data": "{'observation_date': '2026-08-04', 'region': 'GLOBAL', 'holdings_tonnes': 'invalid'}", "reason": "Non-numeric value: invalid", "action": "REJECTED"}
{"timestamp": "2026-08-24T16:24:58Z", "row_index": 8, "raw_data": "{'observation_date': 'INVALID-DATE', 'region': 'GLOBAL', 'holdings_tonnes': '3100.0'}", "reason": "Invalid date: INVALID-DATE", "action": "REJECTED"}
{"timestamp": "2026-08-24T16:28:03Z", "row_index": 4, "raw_data": "{'observation_date': '2026-08-02', 'region': 'GLOBAL', 'holdings_tonnes': '3102.10'}", "reason": "Duplicate date: 2026-08-02", "action": "SKIPPED"}
{"timestamp": "2026-08-24T16:28:03Z", "row_index": 5, "raw_data": "{'observation_date': '2026-08-03', 'region': 'GLOBAL', 'holdings_tonnes': '-500.00'}", "reason": "Negative value: -500.0", "action": "REJECTED"}
{"timestamp": "2026-08-24T16:28:03Z", "row_index": 6, "raw_data": "{'observation_date': '2026-08-04', 'region': 'GLOBAL', 'holdings_tonnes': 'invalid'}", "reason": "Non-numeric value: invalid", "action": "REJECTED"}
{"timestamp": "2026-08-24T16:28:03Z", "row_index": 8, "raw_data": "{'observation_date': 'INVALID-DATE', 'region': 'GLOBAL', 'holdings_tonnes': '3100.0'}", "reason": "Invalid date: INVALID-DATE", "action": "REJECTED"}
{"timestamp": "2026-08-24T16:32:54Z", "row_index": 4, "raw_data": "{'observation_date': '2026-08-02', 'region': 'GLOBAL', 'holdings_tonnes': '3102.10'}", "reason": "Duplicate date: 2026-08-02", "action": "SKIPPED"}
{"timestamp": "2026-08-24T16:32:54Z", "row_index": 5, "raw_data": "{'observation_date': '2026-08-03', 'region': 'GLOBAL', 'holdings_tonnes': '-500.00'}", "reason": "Negative value: -500.0", "action": "REJECTED"}
{"timestamp": "2026-08-24T16:32:54Z", "row_index": 6, "raw_data": "{'observation_date': '2026-08-04', 'region': 'GLOBAL', 'holdings_tonnes': 'invalid'}", "reason": "Non-numeric value: invalid", "action": "REJECTED"}
{"timestamp": "2026-08-24T16:32:54Z", "row_index": 8, "raw_data": "{'observation_date': 'INVALID-DATE', 'region': 'GLOBAL', 'holdings_tonnes': '3100.0'}", "reason": "Invalid date: INVALID-DATE", "action": "REJECTED"}
{"timestamp": "2026-08-30T15:20:16Z", "row_index": 4, "raw_data": "{'observation_date': '2026-08-02', 'region': 'GLOBAL', 'holdings_tonnes': '3102.10'}", "reason": "Duplicate date: 2026-08-02", "action": "SKIPPED"}
{"timestamp": "2026-08-30T15:20:16Z", "row_index": 5, "raw_data": "{'observation_date': '2026-08-03', 'region': 'GLOBAL', 'holdings_tonnes': '-500.00'}", "reason": "Negative value: -500.0", "action": "REJECTED"}
{"timestamp": "2026-08-30T15:20:16Z", "row_index": 6, "raw_data": "{'observation_date': '2026-08-04', 'region': 'GLOBAL', 'holdings_tonnes': 'invalid'}", "reason": "Non-numeric value: invalid", "action": "REJECTED"}
{"timestamp": "2026-08-30T15:20:16Z", "row_index": 8, "raw_data": "{'observation_date': 'INVALID-DATE', 'region': 'GLOBAL', 'holdings_tonnes': '3100.0'}", "reason": "Invalid date: INVALID-DATE", "action": "REJECTED"}
{"timestamp": "2026-08-31T00:14:31Z", "row_index": 4, "raw_data": "{'observation_date': '2026-08-02', 'region': 'GLOBAL', 'holdings_tonnes': '3102.10'}", "reason": "Duplicate date: 2026-08-02", "action": "SKIPPED"}
{"timestamp": "2026-08-31T00:14:31Z", "row_index": 5, "raw_data": "{'observation_date': '2026-08-03', 'region': 'GLOBAL', 'holdings_tonnes': '-500.00'}", "reason": "Negative value: -500.0", "action": "REJECTED"}
{"timestamp": "2026-08-31T00:14:31Z", "row_index": 6, "raw_data": "{'observation_date': '2026-08-04', 'region': 'GLOBAL', 'holdings_tonnes': 'invalid'}", "reason": "Non-numeric value: invalid", "action": "REJECTED"}
{"timestamp": "2026-08-31T00:14:31Z", "row_index": 8, "raw_data": "{'observation_date': 'INVALID-DATE', 'region': 'GLOBAL', 'holdings_tonnes': '3100.0'}", "reason": "Invalid date: INVALID-DATE", "action": "REJECTED"}
{"timestamp": "2026-08-31T00:14:32Z", "row_index": 4, "raw_data": "{'observation_date': '2026-08-02', 'region': 'GLOBAL', 'holdings_tonnes': '3102.10'}", "reason": "Duplicate date: 2026-08-02", "action": "SKIPPED"}
{"timestamp": "2026-08-31T00:14:32Z", "row_index": 5, "raw_data": "{'observation_date': '2026-08-03', 'region': 'GLOBAL', 'holdings_tonnes': '-500.00'}", "reason": "Negative value: -500.0", "action": "REJECTED"}
{"timestamp": "2026-08-31T00:14:32Z", "row_index": 6, "raw_data": "{'observation_date': '2026-08-04', 'region': 'GLOBAL', 'holdings_tonnes': 'invalid'}", "reason": "Non-numeric value: invalid", "action": "REJECTED"}
{"timestamp": "2026-08-31T00:14:32Z", "row_index": 8, "raw_data": "{'observation_date': 'INVALID-DATE', 'region': 'GLOBAL', 'holdings_tonnes': '3100.0'}", "reason": "Invalid date: INVALID-DATE", "action": "REJECTED"}
{"timestamp": "2026-08-31T00:19:24Z", "row_index": 4, "raw_data": "{'observation_date': '2026-08-02', 'region': 'GLOBAL', 'holdings_tonnes': '3102.10'}", "reason": "Duplicate date: 2026-08-02", "action": "SKIPPED"}
{"timestamp": "2026-08-31T00:19:24Z", "row_index": 5, "raw_data": "{'observation_date': '2026-08-03', 'region': 'GLOBAL', 'holdings_tonnes': '-500.00'}", "reason": "Negative value: -500.0", "action": "REJECTED"}
{"timestamp": "2026-08-31T00:19:24Z", "row_index": 6, "raw_data": "{'observation_date': '2026-08-04', 'region': 'GLOBAL', 'holdings_tonnes': 'invalid'}", "reason": "Non-numeric value: invalid", "action": "REJECTED"}
{"timestamp": "2026-08-31T00:19:24Z", "row_index": 8, "raw_data": "{'observation_date': 'INVALID-DATE', 'region': 'GLOBAL', 'holdings_tonnes': '3100.0'}", "reason": "Invalid date: INVALID-DATE", "action": "REJECTED"}
